// Jest Snapshot v1, https://goo.gl/fbAQLP

exports[`renders correctly 1`] = `
<div
  className="flex items-center  justify-center md:justify-between flex-wrap gap-4"
>
  <ul
    aria-label="Pagination"
    className="join"
    role="navigation"
  >
    <li
      className="previous disabled"
    >
      <a
        aria-disabled="true"
        aria-label="Previous page"
        className="btn-disabled join-item btn btn-sm hover:btn-secondary hover:bg-opacity-40 hover:text-current "
        onClick={[Function]}
        onKeyPress={[Function]}
        rel="prev"
        role="button"
        tabIndex="-1"
      >
        <svg
          className="hidden md:flex"
          fill="currentColor"
          height="1em"
          stroke="currentColor"
          strokeWidth="0"
          style={
            Object {
              "color": undefined,
            }
          }
          viewBox="0 0 24 24"
          width="1em"
          xmlns="http://www.w3.org/2000/svg"
        >
          <path
            d="M18.464 2.114a.998.998 0 0 0-1.033.063l-13 9a1.003 1.003 0 0 0 0 1.645l13 9A1 1 0 0 0 19 21V3a1 1 0 0 0-.536-.886zM17 19.091 6.757 12 17 4.909v14.182z"
          />
        </svg>
        buttons.prevButton
      </a>
    </li>
    <li
      className="undefined"
    >
      <a
        aria-current="page"
        aria-label="Page 1 is your current page"
        className="join-item btn btn-sm hover:btn-secondary hover:bg-opacity-40 hover:text-current"
        onClick={[Function]}
        onKeyPress={[Function]}
        rel="canonical"
        role="button"
        tabIndex="-1"
      >
        1
      </a>
    </li>
    <li>
      <a
        aria-current={null}
        aria-label="Page 2"
        className="join-item btn btn-sm hover:btn-secondary hover:bg-opacity-40 hover:text-current"
        onClick={[Function]}
        onKeyPress={[Function]}
        rel="next"
        role="button"
        tabIndex="0"
      >
        2
      </a>
    </li>
    <li>
      <a
        aria-current={null}
        aria-label="Page 3"
        className="join-item btn btn-sm hover:btn-secondary hover:bg-opacity-40 hover:text-current"
        onClick={[Function]}
        onKeyPress={[Function]}
        role="button"
        tabIndex="0"
      >
        3
      </a>
    </li>
    <li
      className="next"
    >
      <a
        aria-disabled="false"
        aria-label="Next page"
        className="false false join-item btn btn-sm hover:btn-secondary hover:bg-opacity-40 hover:text-current"
        onClick={[Function]}
        onKeyPress={[Function]}
        rel="next"
        role="button"
        tabIndex="0"
      >
        buttons.nextButton
        <svg
          className="hidden md:flex"
          fill="currentColor"
          height="1em"
          stroke="currentColor"
          strokeWidth="0"
          style={
            Object {
              "color": undefined,
            }
          }
          viewBox="0 0 24 24"
          width="1em"
          xmlns="http://www.w3.org/2000/svg"
        >
          <path
            d="M5.536 21.886a1.004 1.004 0 0 0 1.033-.064l13-9a1 1 0 0 0 0-1.644l-13-9A.998.998 0 0 0 5 3v18a1 1 0 0 0 .536.886zM7 4.909 17.243 12 7 19.091V4.909z"
          />
        </svg>
      </a>
    </li>
  </ul>
  <div>
    <p
      className="font-normal opacity-50 text-sm tracking-wide"
    >
      page
      : 
      1
       
      of
       
      3
    </p>
  </div>
</div>
`;
